(3,1)	class
(3,7)	extends
(3,15)	static
(3,22)	public
(3,29)	void
(3,34)	int
(3,38)	boolean
(3,46)	new
(3,50)	this
(3,55)	if
(3,58)	else
(3,63)	while
(4,1)	return
(4,8)	main
(4,13)	String
(4,20)	true
(4,25)	false
(4,31)	System
(4,38)	out
(4,42)	println
(6,1)	ID(classextends)
(6,14)	ID(static1)
(6,22)	ID(ppublic)
(6,30)	ID(Void)
(6,35)	ID(bool)
(6,40)	ID(system)
(6,47)	ID(TRUE)
(6,52)	INTLIT(0)
(6,53)	main
(8,1)	ID(AveryveryveryveryveryveryveryveryveryveryveryveryveryveryveryveryveryveryveryveryveryveryveryveryveryveryveryveryveryveryveryveryveryveryveryveryveryveryveryveryveryveryveryveryveryveryveryveryveryveryveryLongID)
Total: 30 tokens
