# AST Program
ClassDecl Test 
  MethodDecl void main ()
   VarDecl (ObjType A) a (NewObj A)
   VarDecl IntType i ()
   VarDecl IntType j ()
   Assign i (Call a foo (1 ))
   Assign j (Call a bar (1 ))
   Print i
   Print j
ClassDecl A 
  MethodDecl IntType foo ((Param IntType i) )
   VarDecl IntType x ()
   Return i
  MethodDecl IntType bar ((Param IntType i) )
   VarDecl IntType x 2
   Return x
